=== RUN   TestCalculateBlockReward_FirstYear
--- PASS: TestCalculateBlockReward_FirstYear (0.00s)
=== RUN   TestCalculateBlockReward_SecondYear
--- PASS: TestCalculateBlockReward_SecondYear (0.00s)
=== RUN   TestCalculateBlockReward_ThirdYear
--- PASS: TestCalculateBlockReward_ThirdYear (0.00s)
=== RUN   TestCalculateBlockReward_MinReward
--- PASS: TestCalculateBlockReward_MinReward (0.00s)
=== RUN   TestCalculateBlockReward_ZeroBlocksPerYear
--- PASS: TestCalculateBlockReward_ZeroBlocksPerYear (0.00s)
=== RUN   TestSafeAdd_Basic
--- PASS: TestSafeAdd_Basic (0.00s)
=== RUN   TestSafeAdd_Overflow
--- PASS: TestSafeAdd_Overflow (0.00s)
=== RUN   TestSafeAdd_NilValues
--- PASS: TestSafeAdd_NilValues (0.00s)
=== RUN   TestSafeSub_Basic
--- PASS: TestSafeSub_Basic (0.00s)
=== RUN   TestSafeSub_Underflow
--- PASS: TestSafeSub_Underflow (0.00s)
=== RUN   TestParseBalance_Valid
--- PASS: TestParseBalance_Valid (0.00s)
=== RUN   TestConvertOrderStateToMatchingOrder_UsesFilledBaseWhenBaseTokenIsFirst
=== PAUSE TestConvertOrderStateToMatchingOrder_UsesFilledBaseWhenBaseTokenIsFirst
=== RUN   TestConvertOrderStateToMatchingOrder_UsesFilledBaseForBuyOrder
=== PAUSE TestConvertOrderStateToMatchingOrder_UsesFilledBaseForBuyOrder
=== RUN   TestConvertOrderStateToMatchingOrder_FullFillReturnsError
=== PAUSE TestConvertOrderStateToMatchingOrder_FullFillReturnsError
=== RUN   TestConvertToMatchingOrderLegacy_NewOrder
=== PAUSE TestConvertToMatchingOrderLegacy_NewOrder
=== RUN   TestSlashBond
[INFO]    [system] 2026/02/01 14:26:44.511690 log.go:145: [slashBond] slashed bond 100000000000000000000 from 0x0001 (reason: test false complaint), remaining balance: 900000000000000000000
--- PASS: TestSlashBond (0.00s)
=== RUN   TestSlashMinerStake
[INFO]    [system] 2026/02/01 14:26:44.515690 log.go:145: [slashMinerStake] slashed 100% stake 1000000000000000000000 from 0x0002 (reason: test dealer fault)
--- PASS: TestSlashMinerStake (0.00s)
=== RUN   TestInitVaultStates
[INFO]    [system] 2026/02/01 14:26:44.516203 log.go:145: [InitVaultStates] initialized vault state for chain=btc vault=0 committee_size=5
[INFO]    [system] 2026/02/01 14:26:44.516203 log.go:145: [InitVaultStates] initialized vault state for chain=btc vault=1 committee_size=5
[INFO]    [system] 2026/02/01 14:26:44.516203 log.go:145: [InitVaultStates] initialized vault state for chain=btc vault=2 committee_size=5
--- PASS: TestInitVaultStates (0.00s)
=== RUN   TestInitVaultStatesMissingConfig
--- PASS: TestInitVaultStatesMissingConfig (0.00s)
=== RUN   TestInitVaultStatesMissingTop10000
--- PASS: TestInitVaultStatesMissingTop10000 (0.00s)
=== RUN   TestLightNode_RebuildOrderIndexFromStateDB
    lightnode_rebuild_index_integration_test.go:27: 馃殌 ========== 杞昏妭鐐圭储寮曢噸寤洪泦鎴愭祴璇?==========
    lightnode_rebuild_index_integration_test.go:30: 馃摝 Step 1: Full node creates orders and indexes
badger 2026/02/01 14:26:44 INFO: All 0 tables opened in 0s
badger 2026/02/01 14:26:44 INFO: Discard stats nextEmptySlot: 0
badger 2026/02/01 14:26:44 INFO: Set nextTxnTs to 0
[INFO]    [test] 2026/02/01 14:26:44.529411 log.go:145: [MinerIndexManager] rebuilt bitmap with 0 miners
    lightnode_rebuild_index_integration_test.go:123: 鉁?Full node created 5 orders
    lightnode_rebuild_index_integration_test.go:130: 馃搳 Full node stats:
    lightnode_rebuild_index_integration_test.go:131:   - Orders: 5
    lightnode_rebuild_index_integration_test.go:132:   - BTC indexes: 0
    lightnode_rebuild_index_integration_test.go:133:   - ETH indexes: 0
    lightnode_rebuild_index_integration_test.go:136: 
        	Error Trace:	D:/dex/vm/lightnode_rebuild_index_integration_test.go:136
        	Error:      	Not equal: 
        	            	expected: 3
        	            	actual  : 0
        	Test:       	TestLightNode_RebuildOrderIndexFromStateDB
        	Messages:   	Full node should have 3 BTC indexes
    lightnode_rebuild_index_integration_test.go:137: 
        	Error Trace:	D:/dex/vm/lightnode_rebuild_index_integration_test.go:137
        	Error:      	Not equal: 
        	            	expected: 2
        	            	actual  : 0
        	Test:       	TestLightNode_RebuildOrderIndexFromStateDB
        	Messages:   	Full node should have 2 ETH indexes
    lightnode_rebuild_index_integration_test.go:140: 馃摝 Step 2: Light node syncs from StateDB
badger 2026/02/01 14:26:45 INFO: All 0 tables opened in 0s
badger 2026/02/01 14:26:45 INFO: Discard stats nextEmptySlot: 0
badger 2026/02/01 14:26:45 INFO: Set nextTxnTs to 0
[INFO]    [test] 2026/02/01 14:26:45.343583 log.go:145: [MinerIndexManager] rebuilt bitmap with 0 miners
    lightnode_rebuild_index_integration_test.go:180: 鉁?Light node synced 5 orders from StateDB
    lightnode_rebuild_index_integration_test.go:186: 馃搳 Light node stats (before rebuild):
    lightnode_rebuild_index_integration_test.go:187:   - Orders: 5
    lightnode_rebuild_index_integration_test.go:188:   - Indexes: 0
    lightnode_rebuild_index_integration_test.go:194: 馃摝 Step 3: Light node rebuilds indexes from order data
    lightnode_rebuild_index_integration_test.go:200: 鉁?Light node rebuilt 5 indexes
    lightnode_rebuild_index_integration_test.go:206: 馃搳 Light node stats (after rebuild):
    lightnode_rebuild_index_integration_test.go:207:   - BTC indexes: 0
    lightnode_rebuild_index_integration_test.go:208:   - ETH indexes: 0
    lightnode_rebuild_index_integration_test.go:211: 
        	Error Trace:	D:/dex/vm/lightnode_rebuild_index_integration_test.go:211
        	Error:      	Not equal: 
        	            	expected: 3
        	            	actual  : 0
        	Test:       	TestLightNode_RebuildOrderIndexFromStateDB
        	Messages:   	Light node should have 3 BTC indexes
    lightnode_rebuild_index_integration_test.go:212: 
        	Error Trace:	D:/dex/vm/lightnode_rebuild_index_integration_test.go:212
        	Error:      	Not equal: 
        	            	expected: 2
        	            	actual  : 0
        	Test:       	TestLightNode_RebuildOrderIndexFromStateDB
        	Messages:   	Light node should have 2 ETH indexes
    lightnode_rebuild_index_integration_test.go:215: 馃摝 Step 4: Verify index consistency between full node and light node
    lightnode_rebuild_index_integration_test.go:248: 鉁?Index consistency verified
    lightnode_rebuild_index_integration_test.go:251: 馃帀 ========== Integration Test Summary ==========
    lightnode_rebuild_index_integration_test.go:252: 鉁?Full node: Created orders and indexes
    lightnode_rebuild_index_integration_test.go:253: 鉁?StateDB: Synced order data (not indexes)
    lightnode_rebuild_index_integration_test.go:254: 鉁?Light node: Synced from StateDB
    lightnode_rebuild_index_integration_test.go:255: 鉁?Light node: Rebuilt indexes from order data
    lightnode_rebuild_index_integration_test.go:256: 鉁?Consistency: Full node and light node indexes match
    lightnode_rebuild_index_integration_test.go:257: 馃帀 Light node index rebuild integration test PASSED!
badger 2026/02/01 14:26:45 INFO: Lifetime L0 stalled for: 0s
badger 2026/02/01 14:26:45 INFO: 
Level 0 [ ]: NumTables: 01. Size: 819 B of 0 B. Score: 0.00->0.00 StaleData: 0 B Target FileSize: 64 MiB
Level 1 [ ]: NumTables: 00. Size: 0 B of 10 MiB. Score: 0.00->0.00 StaleData: 0 B Target FileSize: 64 MiB
Level 2 [ ]: NumTables: 00. Size: 0 B of 10 MiB. Score: 0.00->0.00 StaleData: 0 B Target FileSize: 64 MiB
Level 3 [ ]: NumTables: 00. Size: 0 B of 10 MiB. Score: 0.00->0.00 StaleData: 0 B Target FileSize: 64 MiB
Level 4 [ ]: NumTables: 00. Size: 0 B of 10 MiB. Score: 0.00->0.00 StaleData: 0 B Target FileSize: 64 MiB
Level 5 [ ]: NumTables: 00. Size: 0 B of 10 MiB. Score: 0.00->0.00 StaleData: 0 B Target FileSize: 64 MiB
Level 6 [B]: NumTables: 00. Size: 0 B of 10 MiB. Score: 0.00->0.00 StaleData: 0 B Target FileSize: 64 MiB
Level Done
badger 2026/02/01 14:26:45 INFO: Lifetime L0 stalled for: 0s
badger 2026/02/01 14:26:45 INFO: 
Level 0 [ ]: NumTables: 01. Size: 1.8 KiB of 0 B. Score: 0.00->0.00 StaleData: 0 B Target FileSize: 64 MiB
Level 1 [ ]: NumTables: 00. Size: 0 B of 10 MiB. Score: 0.00->0.00 StaleData: 0 B Target FileSize: 64 MiB
Level 2 [ ]: NumTables: 00. Size: 0 B of 10 MiB. Score: 0.00->0.00 StaleData: 0 B Target FileSize: 64 MiB
Level 3 [ ]: NumTables: 00. Size: 0 B of 10 MiB. Score: 0.00->0.00 StaleData: 0 B Target FileSize: 64 MiB
Level 4 [ ]: NumTables: 00. Size: 0 B of 10 MiB. Score: 0.00->0.00 StaleData: 0 B Target FileSize: 64 MiB
Level 5 [ ]: NumTables: 00. Size: 0 B of 10 MiB. Score: 0.00->0.00 StaleData: 0 B Target FileSize: 64 MiB
Level 6 [B]: NumTables: 00. Size: 0 B of 10 MiB. Score: 0.00->0.00 StaleData: 0 B Target FileSize: 64 MiB
Level Done
--- FAIL: TestLightNode_RebuildOrderIndexFromStateDB (1.45s)
=== RUN   TestOrderBalance_TakerAtomic
badger 2026/02/01 14:26:45 INFO: All 0 tables opened in 0s
badger 2026/02/01 14:26:45 INFO: Discard stats nextEmptySlot: 0
badger 2026/02/01 14:26:45 INFO: Set nextTxnTs to 0
[INFO]    [test] 2026/02/01 14:26:45.979337 log.go:145: [MinerIndexManager] rebuilt bitmap with 0 miners
badger 2026/02/01 14:26:45 INFO: Lifetime L0 stalled for: 0s
badger 2026/02/01 14:26:46 INFO: 
Level 0 [ ]: NumTables: 01. Size: 1.1 KiB of 0 B. Score: 0.00->0.00 StaleData: 0 B Target FileSize: 64 MiB
Level 1 [ ]: NumTables: 00. Size: 0 B of 10 MiB. Score: 0.00->0.00 StaleData: 0 B Target FileSize: 64 MiB
Level 2 [ ]: NumTables: 00. Size: 0 B of 10 MiB. Score: 0.00->0.00 StaleData: 0 B Target FileSize: 64 MiB
Level 3 [ ]: NumTables: 00. Size: 0 B of 10 MiB. Score: 0.00->0.00 StaleData: 0 B Target FileSize: 64 MiB
Level 4 [ ]: NumTables: 00. Size: 0 B of 10 MiB. Score: 0.00->0.00 StaleData: 0 B Target FileSize: 64 MiB
Level 5 [ ]: NumTables: 00. Size: 0 B of 10 MiB. Score: 0.00->0.00 StaleData: 0 B Target FileSize: 64 MiB
Level 6 [B]: NumTables: 00. Size: 0 B of 10 MiB. Score: 0.00->0.00 StaleData: 0 B Target FileSize: 64 MiB
Level Done
--- PASS: TestOrderBalance_TakerAtomic (0.06s)
=== RUN   TestOrderBalance_BuyRefund
badger 2026/02/01 14:26:46 INFO: All 0 tables opened in 0s
badger 2026/02/01 14:26:46 INFO: Discard stats nextEmptySlot: 0
badger 2026/02/01 14:26:46 INFO: Set nextTxnTs to 0
[INFO]    [test] 2026/02/01 14:26:46.057012 log.go:145: [MinerIndexManager] rebuilt bitmap with 0 miners
    balance_fix_test.go:113: Bob USDT Balance: 60000, Frozen: 0
badger 2026/02/01 14:26:46 INFO: Lifetime L0 stalled for: 0s
badger 2026/02/01 14:26:46 INFO: 
Level 0 [ ]: NumTables: 01. Size: 1.1 KiB of 0 B. Score: 0.00->0.00 StaleData: 0 B Target FileSize: 64 MiB
Level 1 [ ]: NumTables: 00. Size: 0 B of 10 MiB. Score: 0.00->0.00 StaleData: 0 B Target FileSize: 64 MiB
Level 2 [ ]: NumTables: 00. Size: 0 B of 10 MiB. Score: 0.00->0.00 StaleData: 0 B Target FileSize: 64 MiB
Level 3 [ ]: NumTables: 00. Size: 0 B of 10 MiB. Score: 0.00->0.00 StaleData: 0 B Target FileSize: 64 MiB
Level 4 [ ]: NumTables: 00. Size: 0 B of 10 MiB. Score: 0.00->0.00 StaleData: 0 B Target FileSize: 64 MiB
Level 5 [ ]: NumTables: 00. Size: 0 B of 10 MiB. Score: 0.00->0.00 StaleData: 0 B Target FileSize: 64 MiB
Level 6 [B]: NumTables: 00. Size: 0 B of 10 MiB. Score: 0.00->0.00 StaleData: 0 B Target FileSize: 64 MiB
Level Done
--- PASS: TestOrderBalance_BuyRefund (0.13s)
=== RUN   TestOrderBalance_RemoveOrder
badger 2026/02/01 14:26:46 INFO: All 0 tables opened in 0s
badger 2026/02/01 14:26:46 INFO: Discard stats nextEmptySlot: 0
badger 2026/02/01 14:26:46 INFO: Set nextTxnTs to 0
[INFO]    [test] 2026/02/01 14:26:46.190087 log.go:145: [MinerIndexManager] rebuilt bitmap with 0 miners
badger 2026/02/01 14:26:46 INFO: Lifetime L0 stalled for: 0s
badger 2026/02/01 14:26:46 INFO: 
Level 0 [ ]: NumTables: 01. Size: 830 B of 0 B. Score: 0.00->0.00 StaleData: 0 B Target FileSize: 64 MiB
Level 1 [ ]: NumTables: 00. Size: 0 B of 10 MiB. Score: 0.00->0.00 StaleData: 0 B Target FileSize: 64 MiB
Level 2 [ ]: NumTables: 00. Size: 0 B of 10 MiB. Score: 0.00->0.00 StaleData: 0 B Target FileSize: 64 MiB
Level 3 [ ]: NumTables: 00. Size: 0 B of 10 MiB. Score: 0.00->0.00 StaleData: 0 B Target FileSize: 64 MiB
Level 4 [ ]: NumTables: 00. Size: 0 B of 10 MiB. Score: 0.00->0.00 StaleData: 0 B Target FileSize: 64 MiB
Level 5 [ ]: NumTables: 00. Size: 0 B of 10 MiB. Score: 0.00->0.00 StaleData: 0 B Target FileSize: 64 MiB
Level 6 [B]: NumTables: 00. Size: 0 B of 10 MiB. Score: 0.00->0.00 StaleData: 0 B Target FileSize: 64 MiB
Level Done
--- PASS: TestOrderBalance_RemoveOrder (0.08s)
=== RUN   TestBatchOrderBookRebuild_SinglePair
    batch_orderbook_rebuild_test.go:53: Receipts count: 1
    batch_orderbook_rebuild_test.go:55: Receipt 0: TxID=new_order_1, Status=SUCCEED, Error=
    batch_orderbook_rebuild_test.go:67: Successfully rebuilt order book for pair BTC_USDT with 3 existing orders
--- PASS: TestBatchOrderBookRebuild_SinglePair (0.00s)
=== RUN   TestBatchOrderBookRebuild_MultiplePairs
    batch_orderbook_rebuild_test.go:90: Created 5 orders for pair BTC_USDT
    batch_orderbook_rebuild_test.go:90: Created 5 orders for pair ETH_USDT
    batch_orderbook_rebuild_test.go:90: Created 5 orders for pair SOL_USDT
    batch_orderbook_rebuild_test.go:121: Successfully rebuilt 3 order books with total 15 existing orders
--- PASS: TestBatchOrderBookRebuild_MultiplePairs (0.00s)
=== RUN   TestBatchOrderBookRebuild_Performance
    batch_orderbook_rebuild_test.go:192: Performance test: 5 pairs, 100 existing orders, 50 new orders, 50 succeeded
--- PASS: TestBatchOrderBookRebuild_Performance (0.00s)
=== RUN   TestBatchOrderBookRebuild_EmptyOrderBook
    batch_orderbook_rebuild_test.go:228: Successfully handled empty order book scenario
--- PASS: TestBatchOrderBookRebuild_EmptyOrderBook (0.00s)
=== RUN   TestBatchOrderBookRebuild_Matching
    batch_orderbook_rebuild_test.go:291: Matching test: generated 5 write operations
--- PASS: TestBatchOrderBookRebuild_Matching (0.00s)
=== RUN   TestBatchOrderBookRebuild_MixedOperations
[INFO]    [system] 2026/02/01 14:26:46.239312 log.go:145: [VM] Tx remove_order_1 mark as FAILED in block 1: op_target_id is required
    batch_orderbook_rebuild_test.go:339: Mixed operations test: 2 receipts generated
--- PASS: TestBatchOrderBookRebuild_MixedOperations (0.00s)
=== RUN   TestScanOrdersByPairs
    batch_orderbook_rebuild_test.go:547: Pair BTC_USDT: found 5 orders
    batch_orderbook_rebuild_test.go:547: Pair ETH_USDT: found 5 orders
    batch_orderbook_rebuild_test.go:547: Pair SOL_USDT: found 5 orders
--- PASS: TestScanOrdersByPairs (0.00s)
=== RUN   TestBatchRebuild_DBScanOptimization
    batch_orderbook_rebuild_test.go:570: Pair SOL_USDT: 50 orders
    batch_orderbook_rebuild_test.go:570: Pair DOGE_USDT: 50 orders
    batch_orderbook_rebuild_test.go:570: Pair ADA_USDT: 50 orders
    batch_orderbook_rebuild_test.go:570: Pair BTC_USDT: 50 orders
    batch_orderbook_rebuild_test.go:570: Pair ETH_USDT: 50 orders
    batch_orderbook_rebuild_test.go:576: DB Scan Optimization: scanned 5 pairs with 250 total orders in single operation
--- PASS: TestBatchRebuild_DBScanOptimization (0.00s)
=== RUN   TestBatchRebuild_Correctness
    batch_orderbook_rebuild_test.go:630: Correctness test: rebuilt order book with 5 price levels
--- PASS: TestBatchRebuild_Correctness (0.00s)
=== RUN   TestBatchRebuild_EdgeCases
=== RUN   TestBatchRebuild_EdgeCases/no_existing_orders
    batch_orderbook_rebuild_test.go:753: Edge case 'no existing orders': valid=true, receipts=1
=== RUN   TestBatchRebuild_EdgeCases/empty_block
    batch_orderbook_rebuild_test.go:753: Edge case 'empty block': valid=true, receipts=0
=== RUN   TestBatchRebuild_EdgeCases/only_non-ADD_operations
    batch_orderbook_rebuild_test.go:753: Edge case 'only non-ADD operations': valid=true, receipts=1
--- PASS: TestBatchRebuild_EdgeCases (0.00s)
    --- PASS: TestBatchRebuild_EdgeCases/no_existing_orders (0.00s)
    --- PASS: TestBatchRebuild_EdgeCases/empty_block (0.00s)
    --- PASS: TestBatchRebuild_EdgeCases/only_non-ADD_operations (0.00s)
=== RUN   TestWriteOpSyncStateDB
[INFO]    [system] 2026/02/01 14:26:46.240341 log.go:145: [VM] Tx tx_sync_001 mark as FAILED in block 1: proto:聽cannot parse invalid wire-format data
    executor_integration_test.go:159: Account should be synced to StateDB (key=v1_account_alice)
--- FAIL: TestWriteOpSyncStateDB (0.00s)
=== RUN   TestWriteOpNoSyncStateDB
[INFO]    [system] 2026/02/01 14:26:46.240341 log.go:145: [VM] Tx tx_issue_001 mark as FAILED in block 1: proto:聽cannot parse invalid wire-format data
    executor_integration_test.go:240: Account should be synced to StateDB
--- FAIL: TestWriteOpNoSyncStateDB (0.00s)
=== RUN   TestIdempotency
[INFO]    [system] 2026/02/01 14:26:46.240341 log.go:145: [VM] Tx tx_idem_001 mark as FAILED in block 1: proto:聽cannot parse invalid wire-format data
    executor_integration_test.go:319: 鉁?Idempotency check working: second commit returned nil (already committed)
--- PASS: TestIdempotency (0.00s)
=== RUN   TestE2E_OrderMatching_VM_StateDB_Integration
    vm_matching_statedb_e2e_test.go:34: 馃搧 Test database directory: C:\Users\ADMINI~1\AppData\Local\Temp\TestE2E_OrderMatching_VM_StateDB_Integration602035235\001
badger 2026/02/01 14:26:46 INFO: All 0 tables opened in 0s
badger 2026/02/01 14:26:46 INFO: Discard stats nextEmptySlot: 0
badger 2026/02/01 14:26:46 INFO: Set nextTxnTs to 0
[INFO]    [test] 2026/02/01 14:26:46.256580 log.go:145: [MinerIndexManager] rebuilt bitmap with 0 miners
    vm_matching_statedb_e2e_test.go:42: 鉁?Database initialized (Badger + StateDB)
    vm_matching_statedb_e2e_test.go:50: 鉁?VM Executor initialized
    vm_matching_statedb_e2e_test.go:70: 鉁?Test accounts created (Alice: 10 BTC, Bob: 0 BTC)
    vm_matching_statedb_e2e_test.go:100: 馃摝 Executing Block 1: Alice places sell order (1 BTC @ 50000 USDT)
    vm_matching_statedb_e2e_test.go:114: 鉁?Block 1 committed: Sell order placed
    vm_matching_statedb_e2e_test.go:153: 馃摝 Executing Block 2: Bob places buy order (0.5 BTC @ 50000 USDT) - Should trigger matching
    vm_matching_statedb_e2e_test.go:164: 鉁?Block 2 committed: Buy order matched with sell order
    vm_matching_statedb_e2e_test.go:167: 馃攳 Verifying matching results...
    vm_matching_statedb_e2e_test.go:176: Alice actual: BTC=9, USDT=125000
    vm_matching_statedb_e2e_test.go:179: 
        	Error Trace:	D:/dex/vm/vm_matching_statedb_e2e_test.go:179
        	Error:      	Not equal: 
        	            	expected: "9.5"
        	            	actual  : "9"
        	            	
        	            	Diff:
        	            	--- Expected
        	            	+++ Actual
        	            	@@ -1 +1 @@
        	            	-9.5
        	            	+9
        	Test:       	TestE2E_OrderMatching_VM_StateDB_Integration
        	Messages:   	Alice should have 9.5 BTC
    vm_matching_statedb_e2e_test.go:189: Bob actual: BTC=0.5, USDT=75000
    vm_matching_statedb_e2e_test.go:195: 鉁?Account balances verified correctly
    vm_matching_statedb_e2e_test.go:198: 馃攳 Verifying data persistence...
    vm_matching_statedb_e2e_test.go:202: 
        	Error Trace:	D:/dex/vm/vm_matching_statedb_e2e_test.go:202
        	Error:      	Not equal: 
        	            	expected: "9.5"
        	            	actual  : "9"
        	            	
        	            	Diff:
        	            	--- Expected
        	            	+++ Actual
        	            	@@ -1 +1 @@
        	            	-9.5
        	            	+9
        	Test:       	TestE2E_OrderMatching_VM_StateDB_Integration
        	Messages:   	DB should have correct Alice BTC balance
    vm_matching_statedb_e2e_test.go:209: 鉁?Data persistence verified
    vm_matching_statedb_e2e_test.go:212: 馃攳 Verifying order status...
    vm_matching_statedb_e2e_test.go:225: 鉁?Order status verified
    vm_matching_statedb_e2e_test.go:228: 馃攳 Verifying data consistency...
    vm_matching_statedb_e2e_test.go:236: 鉁?Data consistency verified
    vm_matching_statedb_e2e_test.go:239: 馃帀 ========== E2E Test Summary ==========
    vm_matching_statedb_e2e_test.go:240: 鉁?VM execution: PASS
    vm_matching_statedb_e2e_test.go:241: 鉁?Order matching: PASS
    vm_matching_statedb_e2e_test.go:242: 鉁?StateDB sync: PASS
    vm_matching_statedb_e2e_test.go:243: 鉁?Data persistence: PASS
    vm_matching_statedb_e2e_test.go:244: 鉁?Data consistency: PASS
    vm_matching_statedb_e2e_test.go:245: 馃帀 All checks passed! VM + Matching + StateDB integration working perfectly!
badger 2026/02/01 14:26:46 INFO: Lifetime L0 stalled for: 0s
badger 2026/02/01 14:26:46 INFO: 
Level 0 [ ]: NumTables: 01. Size: 1.1 KiB of 0 B. Score: 0.00->0.00 StaleData: 0 B Target FileSize: 64 MiB
Level 1 [ ]: NumTables: 00. Size: 0 B of 10 MiB. Score: 0.00->0.00 StaleData: 0 B Target FileSize: 64 MiB
Level 2 [ ]: NumTables: 00. Size: 0 B of 10 MiB. Score: 0.00->0.00 StaleData: 0 B Target FileSize: 64 MiB
Level 3 [ ]: NumTables: 00. Size: 0 B of 10 MiB. Score: 0.00->0.00 StaleData: 0 B Target FileSize: 64 MiB
Level 4 [ ]: NumTables: 00. Size: 0 B of 10 MiB. Score: 0.00->0.00 StaleData: 0 B Target FileSize: 64 MiB
Level 5 [ ]: NumTables: 00. Size: 0 B of 10 MiB. Score: 0.00->0.00 StaleData: 0 B Target FileSize: 64 MiB
Level 6 [B]: NumTables: 00. Size: 0 B of 10 MiB. Score: 0.00->0.00 StaleData: 0 B Target FileSize: 64 MiB
Level Done
--- FAIL: TestE2E_OrderMatching_VM_StateDB_Integration (0.75s)
=== RUN   TestE2E_MultiBlock_OrderMatching
    vm_matching_statedb_e2e_test.go:320: 馃搧 Test database directory: C:\Users\ADMINI~1\AppData\Local\Temp\TestE2E_MultiBlock_OrderMatching3738767376\001
badger 2026/02/01 14:26:47 INFO: All 0 tables opened in 0s
badger 2026/02/01 14:26:47 INFO: Discard stats nextEmptySlot: 0
badger 2026/02/01 14:26:47 INFO: Set nextTxnTs to 0
[INFO]    [test] 2026/02/01 14:26:47.010174 log.go:145: [MinerIndexManager] rebuilt bitmap with 0 miners
    vm_matching_statedb_e2e_test.go:354: 鉁?Test accounts created
    vm_matching_statedb_e2e_test.go:370: 馃摝 Block 1: Alice places 3 sell orders
    vm_matching_statedb_e2e_test.go:377: 鉁?Block 1 committed
    vm_matching_statedb_e2e_test.go:398: 馃摝 Block 2: Bob buys 1.5 BTC (pays 75000 USDT @ 50000)
[INFO]    [system] 2026/02/01 14:26:47.627543 log.go:145: [VM] Tx buy_1 mark as FAILED in block 2: insufficient balance
    vm_matching_statedb_e2e_test.go:404: Block 2 receipts count: 1
    vm_matching_statedb_e2e_test.go:406: Receipt 0: TxID=buy_1, Status=FAILED, WriteCount=0
    vm_matching_statedb_e2e_test.go:413: 鉁?Block 2 committed
    vm_matching_statedb_e2e_test.go:419: Bob BTC balance: 0 (expected: 1.5)
    vm_matching_statedb_e2e_test.go:420: Bob USDT balance: 200000 (expected: 126000)
    vm_matching_statedb_e2e_test.go:422: 
        	Error Trace:	D:/dex/vm/vm_matching_statedb_e2e_test.go:422
        	Error:      	Not equal: 
        	            	expected: "1.5"
        	            	actual  : "0"
        	            	
        	            	Diff:
        	            	--- Expected
        	            	+++ Actual
        	            	@@ -1 +1 @@
        	            	-1.5
        	            	+0
        	Test:       	TestE2E_MultiBlock_OrderMatching
        	Messages:   	Bob should have 1.5 BTC
    vm_matching_statedb_e2e_test.go:423: 
        	Error Trace:	D:/dex/vm/vm_matching_statedb_e2e_test.go:423
        	Error:      	Not equal: 
        	            	expected: "126000"
        	            	actual  : "200000"
        	            	
        	            	Diff:
        	            	--- Expected
        	            	+++ Actual
        	            	@@ -1 +1 @@
        	            	-126000
        	            	+200000
        	Test:       	TestE2E_MultiBlock_OrderMatching
        	Messages:   	Bob should have 126000 USDT left
    vm_matching_statedb_e2e_test.go:427: 
        	Error Trace:	D:/dex/vm/vm_matching_statedb_e2e_test.go:427
        	Error:      	Not equal: 
        	            	expected: "1"
        	            	actual  : "0"
        	            	
        	            	Diff:
        	            	--- Expected
        	            	+++ Actual
        	            	@@ -1 +1 @@
        	            	-1
        	            	+0
        	Test:       	TestE2E_MultiBlock_OrderMatching
        	Messages:   	sell_1 should be fully filled (1 BTC)
    vm_matching_statedb_e2e_test.go:428: 
        	Error Trace:	D:/dex/vm/vm_matching_statedb_e2e_test.go:428
        	Error:      	Should be true
        	Test:       	TestE2E_MultiBlock_OrderMatching
        	Messages:   	sell_1 should be marked as filled
    vm_matching_statedb_e2e_test.go:431: 
        	Error Trace:	D:/dex/vm/vm_matching_statedb_e2e_test.go:431
        	Error:      	Not equal: 
        	            	expected: "0.5"
        	            	actual  : "0"
        	            	
        	            	Diff:
        	            	--- Expected
        	            	+++ Actual
        	            	@@ -1 +1 @@
        	            	-0.5
        	            	+0
        	Test:       	TestE2E_MultiBlock_OrderMatching
        	Messages:   	sell_2 should be partially filled (0.5 BTC)
    vm_matching_statedb_e2e_test.go:301: 
        	Error Trace:	D:/dex/vm/vm_matching_statedb_e2e_test.go:301
        	            				D:/dex/vm/vm_matching_statedb_e2e_test.go:434
        	Error:      	Received unexpected error:
        	            	Key not found
        	Test:       	TestE2E_MultiBlock_OrderMatching
badger 2026/02/01 14:26:48 INFO: Lifetime L0 stalled for: 0s
badger 2026/02/01 14:26:48 INFO: 
Level 0 [ ]: NumTables: 01. Size: 1.2 KiB of 0 B. Score: 0.00->0.00 StaleData: 0 B Target FileSize: 64 MiB
Level 1 [ ]: NumTables: 00. Size: 0 B of 10 MiB. Score: 0.00->0.00 StaleData: 0 B Target FileSize: 64 MiB
Level 2 [ ]: NumTables: 00. Size: 0 B of 10 MiB. Score: 0.00->0.00 StaleData: 0 B Target FileSize: 64 MiB
Level 3 [ ]: NumTables: 00. Size: 0 B of 10 MiB. Score: 0.00->0.00 StaleData: 0 B Target FileSize: 64 MiB
Level 4 [ ]: NumTables: 00. Size: 0 B of 10 MiB. Score: 0.00->0.00 StaleData: 0 B Target FileSize: 64 MiB
Level 5 [ ]: NumTables: 00. Size: 0 B of 10 MiB. Score: 0.00->0.00 StaleData: 0 B Target FileSize: 64 MiB
Level 6 [B]: NumTables: 00. Size: 0 B of 10 MiB. Score: 0.00->0.00 StaleData: 0 B Target FileSize: 64 MiB
Level Done
--- FAIL: TestE2E_MultiBlock_OrderMatching (1.15s)
=== RUN   TestE2E_TransactionOrderDeterminism
    vm_matching_statedb_e2e_test.go:575: 馃搧 Test database directory: C:\Users\ADMINI~1\AppData\Local\Temp\TestE2E_TransactionOrderDeterminism446708386\001
badger 2026/02/01 14:26:48 INFO: All 0 tables opened in 0s
badger 2026/02/01 14:26:48 INFO: Discard stats nextEmptySlot: 0
badger 2026/02/01 14:26:48 INFO: Set nextTxnTs to 0
[INFO]    [test] 2026/02/01 14:26:48.165084 log.go:145: [MinerIndexManager] rebuilt bitmap with 0 miners
    vm_matching_statedb_e2e_test.go:604: 鉁?Test accounts created
    vm_matching_statedb_e2e_test.go:631: 馃摝 Executing block with 4 transactions (3 sells + 1 buy)
    vm_matching_statedb_e2e_test.go:643: 鉁?Block committed
    vm_matching_statedb_e2e_test.go:648: Bob BTC balance: 0 (expected: 1.5)
    vm_matching_statedb_e2e_test.go:649: Bob USDT balance: 200000 (expected: 126000)
    vm_matching_statedb_e2e_test.go:651: 
        	Error Trace:	D:/dex/vm/vm_matching_statedb_e2e_test.go:651
        	Error:      	Not equal: 
        	            	expected: "1.5"
        	            	actual  : "0"
        	            	
        	            	Diff:
        	            	--- Expected
        	            	+++ Actual
        	            	@@ -1 +1 @@
        	            	-1.5
        	            	+0
        	Test:       	TestE2E_TransactionOrderDeterminism
        	Messages:   	Bob should have 1.5 BTC
    vm_matching_statedb_e2e_test.go:652: 
        	Error Trace:	D:/dex/vm/vm_matching_statedb_e2e_test.go:652
        	Error:      	Not equal: 
        	            	expected: "126000"
        	            	actual  : "200000"
        	            	
        	            	Diff:
        	            	--- Expected
        	            	+++ Actual
        	            	@@ -1 +1 @@
        	            	-126000
        	            	+200000
        	Test:       	TestE2E_TransactionOrderDeterminism
        	Messages:   	Bob should have 126000 USDT
    vm_matching_statedb_e2e_test.go:656: Alice BTC balance: 7 (expected: 8.5)
    vm_matching_statedb_e2e_test.go:657: Alice USDT balance: 0 (expected: 74000)
    vm_matching_statedb_e2e_test.go:659: 
        	Error Trace:	D:/dex/vm/vm_matching_statedb_e2e_test.go:659
        	Error:      	Not equal: 
        	            	expected: "8.5"
        	            	actual  : "7"
        	            	
        	            	Diff:
        	            	--- Expected
        	            	+++ Actual
        	            	@@ -1 +1 @@
        	            	-8.5
        	            	+7
        	Test:       	TestE2E_TransactionOrderDeterminism
        	Messages:   	Alice should have 8.5 BTC
    vm_matching_statedb_e2e_test.go:660: 
        	Error Trace:	D:/dex/vm/vm_matching_statedb_e2e_test.go:660
        	Error:      	Not equal: 
        	            	expected: "74000"
        	            	actual  : "0"
        	            	
        	            	Diff:
        	            	--- Expected
        	            	+++ Actual
        	            	@@ -1 +1 @@
        	            	-74000
        	            	+0
        	Test:       	TestE2E_TransactionOrderDeterminism
        	Messages:   	Alice should have 74000 USDT
    vm_matching_statedb_e2e_test.go:668: 
        	Error Trace:	D:/dex/vm/vm_matching_statedb_e2e_test.go:668
        	Error:      	Not equal: 
        	            	expected: "1"
        	            	actual  : "0"
        	            	
        	            	Diff:
        	            	--- Expected
        	            	+++ Actual
        	            	@@ -1 +1 @@
        	            	-1
        	            	+0
        	Test:       	TestE2E_TransactionOrderDeterminism
        	Messages:   	sell_order_2 should be fully filled (lowest price)
    vm_matching_statedb_e2e_test.go:669: 
        	Error Trace:	D:/dex/vm/vm_matching_statedb_e2e_test.go:669
        	Error:      	Should be true
        	Test:       	TestE2E_TransactionOrderDeterminism
    vm_matching_statedb_e2e_test.go:672: 
        	Error Trace:	D:/dex/vm/vm_matching_statedb_e2e_test.go:672
        	Error:      	Not equal: 
        	            	expected: "0.5"
        	            	actual  : "0"
        	            	
        	            	Diff:
        	            	--- Expected
        	            	+++ Actual
        	            	@@ -1 +1 @@
        	            	-0.5
        	            	+0
        	Test:       	TestE2E_TransactionOrderDeterminism
        	Messages:   	sell_order_3 should be partially filled (middle price)
    vm_matching_statedb_e2e_test.go:301: 
        	Error Trace:	D:/dex/vm/vm_matching_statedb_e2e_test.go:301
        	            				D:/dex/vm/vm_matching_statedb_e2e_test.go:675
        	Error:      	Received unexpected error:
        	            	Key not found
        	Test:       	TestE2E_TransactionOrderDeterminism
badger 2026/02/01 14:26:48 INFO: Lifetime L0 stalled for: 0s
badger 2026/02/01 14:26:48 INFO: 
Level 0 [ ]: NumTables: 01. Size: 1.1 KiB of 0 B. Score: 0.00->0.00 StaleData: 0 B Target FileSize: 64 MiB
Level 1 [ ]: NumTables: 00. Size: 0 B of 10 MiB. Score: 0.00->0.00 StaleData: 0 B Target FileSize: 64 MiB
Level 2 [ ]: NumTables: 00. Size: 0 B of 10 MiB. Score: 0.00->0.00 StaleData: 0 B Target FileSize: 64 MiB
Level 3 [ ]: NumTables: 00. Size: 0 B of 10 MiB. Score: 0.00->0.00 StaleData: 0 B Target FileSize: 64 MiB
Level 4 [ ]: NumTables: 00. Size: 0 B of 10 MiB. Score: 0.00->0.00 StaleData: 0 B Target FileSize: 64 MiB
Level 5 [ ]: NumTables: 00. Size: 0 B of 10 MiB. Score: 0.00->0.00 StaleData: 0 B Target FileSize: 64 MiB
Level 6 [B]: NumTables: 00. Size: 0 B of 10 MiB. Score: 0.00->0.00 StaleData: 0 B Target FileSize: 64 MiB
Level Done
--- FAIL: TestE2E_TransactionOrderDeterminism (0.66s)
=== RUN   TestE2E_SameAccountMultipleBalanceChanges
    vm_matching_statedb_e2e_test.go:695: 馃搧 Test database directory: C:\Users\ADMINI~1\AppData\Local\Temp\TestE2E_SameAccountMultipleBalanceChanges3243190757\001
badger 2026/02/01 14:26:48 INFO: All 0 tables opened in 0s
badger 2026/02/01 14:26:48 INFO: Discard stats nextEmptySlot: 0
badger 2026/02/01 14:26:48 INFO: Set nextTxnTs to 0
[INFO]    [test] 2026/02/01 14:26:48.822791 log.go:145: [MinerIndexManager] rebuilt bitmap with 0 miners
    vm_matching_statedb_e2e_test.go:727: 鉁?Test accounts created
    vm_matching_statedb_e2e_test.go:756: 馃摝 Executing block with 5 transfers from Alice
    vm_matching_statedb_e2e_test.go:773: 鉁?Block committed
    vm_matching_statedb_e2e_test.go:780: Alice USDT balance: 2000 (expected: 2000)
    vm_matching_statedb_e2e_test.go:781: Bob USDT balance: 5500 (expected: 5500)
    vm_matching_statedb_e2e_test.go:782: Charlie USDT balance: 2500 (expected: 2500)
    vm_matching_statedb_e2e_test.go:791: 鉁?Balance conservation verified: 2000 + 5500 + 2500 = 10000
    vm_matching_statedb_e2e_test.go:803: 鉁?Data persistence verified
    vm_matching_statedb_e2e_test.go:804: 鉁?Same account multiple balance changes test passed
badger 2026/02/01 14:26:49 INFO: Lifetime L0 stalled for: 0s
badger 2026/02/01 14:26:49 INFO: 
Level 0 [ ]: NumTables: 01. Size: 898 B of 0 B. Score: 0.00->0.00 StaleData: 0 B Target FileSize: 64 MiB
Level 1 [ ]: NumTables: 00. Size: 0 B of 10 MiB. Score: 0.00->0.00 StaleData: 0 B Target FileSize: 64 MiB
Level 2 [ ]: NumTables: 00. Size: 0 B of 10 MiB. Score: 0.00->0.00 StaleData: 0 B Target FileSize: 64 MiB
Level 3 [ ]: NumTables: 00. Size: 0 B of 10 MiB. Score: 0.00->0.00 StaleData: 0 B Target FileSize: 64 MiB
Level 4 [ ]: NumTables: 00. Size: 0 B of 10 MiB. Score: 0.00->0.00 StaleData: 0 B Target FileSize: 64 MiB
Level 5 [ ]: NumTables: 00. Size: 0 B of 10 MiB. Score: 0.00->0.00 StaleData: 0 B Target FileSize: 64 MiB
Level 6 [B]: NumTables: 00. Size: 0 B of 10 MiB. Score: 0.00->0.00 StaleData: 0 B Target FileSize: 64 MiB
Level Done
--- PASS: TestE2E_SameAccountMultipleBalanceChanges (0.66s)
=== RUN   TestBasicExecution
--- PASS: TestBasicExecution (0.00s)
=== RUN   TestCacheEffectiveness
--- PASS: TestCacheEffectiveness (0.00s)
=== RUN   TestInvalidTransaction
[INFO]    [system] 2026/02/01 14:26:49.462403 log.go:145: [VM] Tx tx_invalid_001 mark as FAILED in block 2: sender account not found
    vm_test.go:497: Block with invalid transaction should be invalid
--- FAIL: TestInvalidTransaction (0.00s)
=== RUN   TestConcurrentExecution
--- PASS: TestConcurrentExecution (0.00s)
=== RUN   TestStateViewSnapshot
--- PASS: TestStateViewSnapshot (0.00s)
=== RUN   TestLRUCache
--- PASS: TestLRUCache (0.00s)
=== RUN   TestFrostKind
--- PASS: TestFrostKind (0.00s)
=== RUN   TestFrostWithdrawRequest
--- PASS: TestFrostWithdrawRequest (0.00s)
=== RUN   TestFrostWithdrawSigned
--- PASS: TestFrostWithdrawSigned (0.00s)
=== RUN   TestFrostFundsLedger
--- PASS: TestFrostFundsLedger (0.00s)
=== RUN   TestFrostWithdrawSignedBTC_UTXOLock
--- PASS: TestFrostWithdrawSignedBTC_UTXOLock (0.00s)
=== RUN   TestFrostWithdrawSignedBTC_SameJobResubmit
--- PASS: TestFrostWithdrawSignedBTC_SameJobResubmit (0.00s)
=== RUN   TestExecutorWithWitnessService
    witness_integration_test.go:30: Executor with WitnessService created successfully
--- PASS: TestExecutorWithWitnessService (0.00s)
=== RUN   TestWitnessStakeTxHandler
    witness_integration_test.go:100: Stake transaction processed successfully with 3 WriteOps
    witness_integration_test.go:108: WitnessInfo in service: address:"0xTestWitness001"  stake_amount:"1000000000000000000000"  status:WITNESS_ACTIVE
--- PASS: TestWitnessStakeTxHandler (0.00s)
=== RUN   TestWitnessRequestTxHandler
    witness_integration_test.go:179: Request transaction processed successfully with 5 WriteOps
--- PASS: TestWitnessRequestTxHandler (0.00s)
=== RUN   TestWitnessVoteTxHandler
    witness_integration_test.go:250: Vote transaction processed successfully with 2 WriteOps
--- PASS: TestWitnessVoteTxHandler (0.00s)
=== RUN   TestWitnessServiceReset
    witness_integration_test.go:286: WitnessService reset successfully
--- PASS: TestWitnessServiceReset (0.00s)
=== RUN   TestWitnessChallengeTxHandler
    witness_integration_test.go:360: Challenge transaction processed successfully with 3 WriteOps
--- PASS: TestWitnessChallengeTxHandler (0.00s)
=== RUN   TestArbitrationVoteTxHandler
    witness_integration_test.go:429: Arbitration vote transaction processed successfully with 2 WriteOps
--- PASS: TestArbitrationVoteTxHandler (0.00s)
=== RUN   TestWitnessClaimRewardTxHandler
    witness_integration_test.go:499: Claim reward transaction processed successfully with 2 WriteOps
--- PASS: TestWitnessClaimRewardTxHandler (0.00s)
=== RUN   TestWitnessUnstakeTxHandler
    witness_integration_test.go:570: Unstake transaction processed successfully with 3 WriteOps
--- PASS: TestWitnessUnstakeTxHandler (0.00s)
=== RUN   TestArbitrationShelved
    witness_integration_test.go:626: Arbitration shelved test passed
--- PASS: TestArbitrationShelved (0.00s)
=== RUN   TestArbitrationShelvedRetry
    witness_integration_test.go:689: Arbitration shelved retry test passed
--- PASS: TestArbitrationShelvedRetry (0.00s)
=== RUN   TestWitnessShelved
    witness_integration_test.go:743: Witness shelved test passed
--- PASS: TestWitnessShelved (0.00s)
=== RUN   TestChallengeStatusTransitions
    witness_integration_test.go:770: Step 1: ACTIVE status verified
    witness_integration_test.go:781: Step 2: SHELVED status verified
    witness_integration_test.go:792: Step 3: ACTIVE status after retry verified
    witness_integration_test.go:803: Step 4: FINALIZED status verified
    witness_integration_test.go:805: Challenge status transitions test passed
--- PASS: TestChallengeStatusTransitions (0.00s)
=== CONT  TestConvertOrderStateToMatchingOrder_UsesFilledBaseWhenBaseTokenIsFirst
=== CONT  TestConvertOrderStateToMatchingOrder_FullFillReturnsError
=== CONT  TestConvertToMatchingOrderLegacy_NewOrder
--- PASS: TestConvertOrderStateToMatchingOrder_UsesFilledBaseWhenBaseTokenIsFirst (0.00s)
--- PASS: TestConvertOrderStateToMatchingOrder_FullFillReturnsError (0.00s)
--- PASS: TestConvertToMatchingOrderLegacy_NewOrder (0.00s)
=== CONT  TestConvertOrderStateToMatchingOrder_UsesFilledBaseForBuyOrder
--- PASS: TestConvertOrderStateToMatchingOrder_UsesFilledBaseForBuyOrder (0.00s)
FAIL
FAIL	dex/vm	5.088s
FAIL
